// Jest Snapshot v1, https://goo.gl/fbAQLP

exports[`HomeView.vue HomeView must match on snapshot 1`] = `<div class="home"><img alt="Vue logo" src=""></div><button type="button" class="btn btn-primary">Day Book</button><button type="button" class="btn btn-secondary">Primary</button><button type="button" class="btn btn-warning">Primary</button>`;
